<div class="container-fluid"><div class="row">
<div class="col-lg-9 col-md-8 col-sm-7 col-xs-7"><div class="page-title"></div></div>
<div class="col-lg-3 col-md-4 col-sm-5 col-xs-5 text-right"><div class="page-action"><a class="btn btn-primary" href="/line_referentials/99/companies/new">Ajouter un transporteur</a></div></div>
</div></div>