<div class="container-fluid">
<div class="row">
<div class="col-lg-9 col-md-8 col-sm-7 col-xs-7"><div class="page-title"><h1>Réseau Name</h1></div></div>
<div class="col-lg-3 col-md-4 col-sm-5 col-xs-5 text-right"><div class="page-action"><div class="small last-update">Dernière mise à jour le 23/01/2018 <br> Par web service</div></div></div>
</div>
<div class="row mb-sm"><div class="col-lg-12 text-right"><a class="btn btn-primary" href="/line_referentials/99/networks/909/edit">Editer ce réseau</a></div></div>
</div>