<div class="container-fluid"><div class="row">
<div class="col-lg-9 col-md-8 col-sm-7 col-xs-7"><div class="page-title"><h1>Réseau Name</h1></div></div>
<div class="col-lg-3 col-md-4 col-sm-5 col-xs-5 text-right"><div class="page-action"><div class="small last-update">Dernière mise à jour le 23/01/2018 <br> Par web service</div></div></div>
</div></div>