<div class="container-fluid">
<div class="row">
<div class="col-lg-9 col-md-8 col-sm-7 col-xs-7"><div class="page-title"><h1><span class="translation_missing" title="translation missing: fr.networks.title">Title</span></h1></div></div>
<div class="col-lg-3 col-md-4 col-sm-5 col-xs-5 text-right"><div class="page-action"><div class="small last-update">Dernière mise à jour le 23/01/2018 <br> Par web service</div></div></div>
</div>
<div class="row"><div class="col-lg-12 text-right mb-sm"><a data-confirm="Etes vous sûr de supprimer ce réseau ?" class="btn btn-primary" rel="nofollow" data-method="delete" href="/line_referentials/99/networks/4"><span class="fa fa-trash mr-xs"></span>Supprimer ce réseau</a></div></div>
</div>