<div class="container-fluid">
<div class="row">
<div class="col-lg-9 col-md-8 col-sm-7 col-xs-7"><div class="page-title"><h1>referential_full_name</h1></div></div>
<div class="col-lg-3 col-md-4 col-sm-5 col-xs-5 text-right"><div class="page-action">
<div class="small last-update">Dernière mise à jour le 01/01/2000</div>
<a class="btn btn-default" href="/referentials/99/edit">Editer</a>
</div></div>
</div>
<div class="row mb-sm"><div class="col-lg-12 text-right">
<a class="btn btn-primary" href="/referentials/99/vehicle_journeys">Courses</a><a class="btn btn-primary" href="/referentials/99/purchase_windows">Calendriers commerciaux</a><a class="btn btn-primary" href="/referentials/99/time_tables">Calendriers</a><a class="btn btn-primary" rel="nofollow" data-method="put" href="/referentials/99/archive">Conserver</a><button type="button" data-toggle="modal" data-target="#purgeModal" class="btn btn-primary">Purger</button>
</div></div>
</div>