<div class="container-fluid">
<div class="row">
<div class="col-lg-9 col-md-8 col-sm-7 col-xs-7"><div class="page-title"><h1>referential_full_name</h1></div></div>
<div class="col-lg-3 col-md-4 col-sm-5 col-xs-5 text-right"><div class="page-action"><div class="small last-update">Dernière mise à jour le 01/01/2000</div></div></div>
</div>
<div class="row mb-sm"><div class="col-lg-12 text-right">
<a class="btn btn-primary" href="/referentials/99/vehicle_journeys">Courses</a><a class="btn btn-primary" href="/referentials/99/purchase_windows">Calendriers commerciaux</a><a class="btn btn-primary" href="/referentials/99/time_tables">Calendriers</a><a data-confirm="Etes vous sûr de vouloir supprimer ce jeu de données ?" class="btn btn-primary" rel="nofollow" data-method="delete" href="/referentials/99"><span class="fa fa-trash mr-xs"></span>Supprimer</a>
</div></div>
</div>