<div class="container-fluid">
<div class="row">
<div class="col-lg-9 col-md-8 col-sm-7 col-xs-7"><div class="page-title"><h1>Jeu de données Jeu de données</h1></div></div>
<div class="col-lg-3 col-md-4 col-sm-5 col-xs-5 text-right"><div class="page-action"><div class="small last-update">Dernière mise à jour le 01/01/2018</div></div></div>
</div>
<div class="row mb-sm"><div class="col-lg-12 text-right">
<a class="btn btn-primary" href="/referentials/999/time_tables">Calendriers</a><a class="btn btn-primary" href="/referentials/new?from=999">Dupliquer</a>
</div></div>
</div>