<div class="page_content"><div class="container-fluid"><div class="row"><div class="col-lg-12"><form class="form form-filter" id="chouette/line_search" action="/line_referentials/4/lines" accept-charset="UTF-8" method="get"><input name="utf8" type="hidden" value="&#x2713;" /><div class="ffg-row"><div class="input-group search_bar"><input placeholder="Recherche par nom, nom court ou ID Codif..." class="form-control" type="search" name="q[name_or_number_or_objectid_cont]" id="q_name_or_number_or_objectid_cont" /><span class="input-group-btn"><button class="btn btn-default" id="search-btn" type="submit"><span class="fa fa-search"></span></button></span></div></div><div class="ffg-row"><div class="form-group togglable"><label class="control-label" for="q_Réseau">Réseau</label><div class="form-group checkbox_list"><input type="hidden" name="q[network_id_eq_any][]" value="" /></div></div><div class="form-group togglable"><label class="control-label" for="q_Transporteur principal">Transporteur principal</label><div class="form-group checkbox_list"><input type="hidden" name="q[company_id_eq_any][]" value="" /></div></div><div class="form-group togglable"><label class="control-label" for="q_Mode de transport">Mode de transport</label><div class="form-group checkbox_list"><span class="checkbox"><label for="q_transport_mode_eq_any_bus"><input class="check_boxes optional" type="checkbox" value="bus" name="q[transport_mode_eq_any][]" id="q_transport_mode_eq_any_bus" /><span>Bus</span></label></span><span class="checkbox"><label for="q_transport_mode_eq_any_funicular"><input class="check_boxes optional" type="checkbox" value="funicular" name="q[transport_mode_eq_any][]" id="q_transport_mode_eq_any_funicular" /><span>Funiculaire</span></label></span><span class="checkbox"><label for="q_transport_mode_eq_any_metro"><input class="check_boxes optional" type="checkbox" value="metro" name="q[transport_mode_eq_any][]" id="q_transport_mode_eq_any_metro" /><span>Métro</span></label></span><span class="checkbox"><label for="q_transport_mode_eq_any_rail"><input class="check_boxes optional" type="checkbox" value="rail" name="q[transport_mode_eq_any][]" id="q_transport_mode_eq_any_rail" /><span>Train</span></label></span><span class="checkbox"><label for="q_transport_mode_eq_any_tram"><input class="check_boxes optional" type="checkbox" value="tram" name="q[transport_mode_eq_any][]" id="q_transport_mode_eq_any_tram" /><span>Tramway</span></label></span><input type="hidden" name="q[transport_mode_eq_any][]" value="" /></div></div><div class="form-group togglable"><label class="control-label" for="q_Sous mode de transport">Sous mode de transport</label><div class="form-group checkbox_list"><span class="checkbox"><label for="q_transport_submode_eq_any_highfrequencybus"><input class="check_boxes optional" type="checkbox" value="highFrequencyBus" name="q[transport_submode_eq_any][]" id="q_transport_submode_eq_any_highfrequencybus" /><span>Bus à haute fréquence</span></label></span><span class="checkbox"><label for="q_transport_submode_eq_any_demandandresponsebus"><input class="check_boxes optional" type="checkbox" value="demandAndResponseBus" name="q[transport_submode_eq_any][]" id="q_transport_submode_eq_any_demandandresponsebus" /><span>Bus à la demande</span></label></span><span class="checkbox"><label for="q_transport_submode_eq_any_nightbus"><input class="check_boxes optional" type="checkbox" value="nightBus" name="q[transport_submode_eq_any][]" id="q_transport_submode_eq_any_nightbus" /><span>Bus de nuit</span></label></span><span class="checkbox"><label for="q_transport_submode_eq_any_expressbus"><input class="check_boxes optional" type="checkbox" value="expressBus" name="q[transport_submode_eq_any][]" id="q_transport_submode_eq_any_expressbus" /><span>Bus express</span></label></span><span class="checkbox"><label for="q_transport_submode_eq_any_interregionalrail"><input class="check_boxes optional" type="checkbox" value="interregionalRail" name="q[transport_submode_eq_any][]" id="q_transport_submode_eq_any_interregionalrail" /><span>Intercités</span></label></span><span class="checkbox"><label for="q_transport_submode_eq_any_airportlinkbus"><input class="check_boxes optional" type="checkbox" value="airportLinkBus" name="q[transport_submode_eq_any][]" id="q_transport_submode_eq_any_airportlinkbus" /><span>Navette interne aéroport</span></label></span><span class="checkbox"><label for="q_transport_submode_eq_any_regionalrail"><input class="check_boxes optional" type="checkbox" value="regionalRail" name="q[transport_submode_eq_any][]" id="q_transport_submode_eq_any_regionalrail" /><span>TER</span></label></span><span class="checkbox"><label for="q_transport_submode_eq_any_suburbanrailway"><input class="check_boxes optional" type="checkbox" value="suburbanRailway" name="q[transport_submode_eq_any][]" id="q_transport_submode_eq_any_suburbanrailway" /><span>Train</span></label></span><span class="checkbox"><label for="q_transport_submode_eq_any_railshuttle"><input class="check_boxes optional" type="checkbox" value="railShuttle" name="q[transport_submode_eq_any][]" id="q_transport_submode_eq_any_railshuttle" /><span>Val</span></label></span><input type="hidden" name="q[transport_submode_eq_any][]" value="" /></div></div></div><div class="actions"><a class="btn btn-link" href="/line_referentials/4/lines">Effacer</a><input type="submit" name="commit" value="Filtrer" class="btn btn-default" /></div></form></div></div><div class="row"><div class="col-lg-12"><table class="table has-filter has-search"><thead><tr><th>ID Codifligne</th><th><a href="/line_referentials/4/lines?direction=desc&amp;sort=number">Numéro<span class="orderers"><span class="fa fa-sort-asc active"></span><span class="fa fa-sort-desc "></span></span></a></th><th><a href="/line_referentials/4/lines?direction=desc&amp;sort=name">Nom de la ligne<span class="orderers"><span class="fa fa-sort-asc active"></span><span class="fa fa-sort-desc "></span></span></a></th><th><a href="/line_referentials/4/lines?direction=desc&amp;sort=deactivated">Activé<span class="orderers"><span class="fa fa-sort-asc active"></span><span class="fa fa-sort-desc "></span></span></a></th><th><a href="/line_referentials/4/lines?direction=desc&amp;sort=networks.name">Réseau<span class="orderers"><span class="fa fa-sort-asc active"></span><span class="fa fa-sort-desc "></span></span></a></th><th><a href="/line_referentials/4/lines?direction=desc&amp;sort=companies.name">Transporteur principal<span class="orderers"><span class="fa fa-sort-asc active"></span><span class="fa fa-sort-desc "></span></span></a></th><th><a href="/line_referentials/4/lines?direction=desc&amp;sort=transport_mode">Mode de transport<span class="orderers"><span class="fa fa-sort-asc active"></span><span class="fa fa-sort-desc "></span></span></a></th><th><a href="/line_referentials/4/lines?direction=desc&amp;sort=transport_submode">Sous mode de transport<span class="orderers"><span class="fa fa-sort-asc active"></span><span class="fa fa-sort-desc "></span></span></a></th><th></th></tr></thead><tbody><tr class="line-1"><td>1</td><td>1</td><td title="Voir"><a href="/line_referentials/4/lines/1">Line 1</a></td><td><span class="fa fa-check-circle fa-lg text-success"></span>Oui</td><td>Network 1</td><td>Company 1</td><td>Bus</td><td>-</td><td class="actions"><div class="btn-group"><div class="btn dropdown-toggle" data-toggle="dropdown"><span class="fa fa-cog"></span></div><ul class="dropdown-menu"><li><a href="/line_referentials/4/lines/1">Consulter</a></li><li><a href="/line_referentials/4/networks/1">Voir le réseau</a></li><li><a href="/line_referentials/4/companies/1">Voir le transporteur principal</a></li></ul></div></td></tr><tr class="line-2"><td>2</td><td>2</td><td title="Voir"><a href="/line_referentials/4/lines/2">Line 2</a></td><td><span class="fa fa-check-circle fa-lg text-success"></span>Oui</td><td>Network 2</td><td>Company 2</td><td>Bus</td><td>-</td><td class="actions"><div class="btn-group"><div class="btn dropdown-toggle" data-toggle="dropdown"><span class="fa fa-cog"></span></div><ul class="dropdown-menu"><li><a href="/line_referentials/4/lines/2">Consulter</a></li><li><a href="/line_referentials/4/networks/2">Voir le réseau</a></li><li><a href="/line_referentials/4/companies/2">Voir le transporteur principal</a></li></ul></div></td></tr></tbody></table><div class="pagination pull-right">Liste des lignes 1 à 2 sur 2</div></div></div></div></div>