<div class="container-fluid">
<div class="row">
<div class="col-lg-9 col-md-8 col-sm-7 col-xs-7"><div class="page-title"><h1>Ligne Name</h1></div></div>
<div class="col-lg-3 col-md-4 col-sm-5 col-xs-5 text-right"><div class="page-action"><div class="small last-update">Dernière mise à jour le 23/01/2018 <br> Par web service</div></div></div>
</div>
<div class="row mb-sm"><div class="col-lg-12 text-right">
<a class="btn btn-primary" href="/line_referentials/99/networks/99">Voir le réseau</a><a class="btn btn-primary" href="/line_referentials/99/companies/99">Voir le transporteur principal</a><a data-confirm="Etes vous sûr de supprimer cette ligne ?" class="btn btn-primary" rel="nofollow" data-method="delete" href="/line_referentials/99/lines/99"><span class="fa fa-trash mr-xs"></span>Supprimer cette ligne</a>
</div></div>
</div>